Archive member included to satisfy reference by file (symbol)

c:/program files (x86)/atmel/studio/7.0/toolchain/avr8/avr8-gnu-toolchain/bin/../lib/gcc/avr/4.9.2/avr35\libgcc.a(_exit.o)
                              C:/Program Files (x86)/Atmel/Studio/7.0/Packs/atmel/ATmega_DFP/1.0.90/gcc/dev/atmega32u2/avr35/crtatmega32u2.o (exit)
c:/program files (x86)/atmel/studio/7.0/toolchain/avr8/avr8-gnu-toolchain/bin/../lib/gcc/avr/4.9.2/avr35\libgcc.a(_tablejump2.o)
                              usb_standard_request.o (__tablejump2__)
c:/program files (x86)/atmel/studio/7.0/toolchain/avr8/avr8-gnu-toolchain/bin/../lib/gcc/avr/4.9.2/avr35\libgcc.a(_clear_bss.o)
                              keyboard_task.o (__do_clear_bss)

Allocating common symbols
Common symbol       size              file

endpoint_status     0x7               usb_standard_request.o
usb_key_pointer     0x2               keyboard_task.o
usb_data_to_send    0x2               keyboard_task.o
cpt_sof             0x1               keyboard_task.o
delay_usb           0x2               usb_task.o
usb_configuration_nb
                    0x1               usb_standard_request.o
usb_key             0x1               keyboard_task.o
usb_kbd_state       0x1               keyboard_task.o
data_to_transfer    0x1               usb_standard_request.o
key_hit             0x1               keyboard_task.o
pbuffer             0x2               usb_standard_request.o
transmit_no_key     0x1               keyboard_task.o

Discarded input sections

 .data          0x00000000        0x0 C:/Program Files (x86)/Atmel/Studio/7.0/Packs/atmel/ATmega_DFP/1.0.90/gcc/dev/atmega32u2/avr35/crtatmega32u2.o
 .bss           0x00000000        0x0 C:/Program Files (x86)/Atmel/Studio/7.0/Packs/atmel/ATmega_DFP/1.0.90/gcc/dev/atmega32u2/avr35/crtatmega32u2.o
 .text          0x00000000        0x0 keyboard_task.o
 .data          0x00000000        0x0 keyboard_task.o
 .bss           0x00000000        0x0 keyboard_task.o
 .text.vbus_off_action
                0x00000000        0xc keyboard_task.o
 .text          0x00000000        0x0 power_drv.o
 .data          0x00000000        0x0 power_drv.o
 .bss           0x00000000        0x0 power_drv.o
 .text.set_idle_mode
                0x00000000        0xc power_drv.o
 .text.set_adc_noise_reduction_mode
                0x00000000        0xc power_drv.o
 .text.set_power_save_mode
                0x00000000        0xc power_drv.o
 .text.set_standby_mode
                0x00000000        0xc power_drv.o
 .text.set_ext_standby_mode
                0x00000000        0xc power_drv.o
 .text.Clock_switch_external
                0x00000000       0x28 power_drv.o
 .text.Clock_switch_internal
                0x00000000       0x28 power_drv.o
 .text          0x00000000        0x0 scheduler.o
 .data          0x00000000        0x0 scheduler.o
 .bss           0x00000000        0x0 scheduler.o
 .text.scheduler_empty_fct
                0x00000000        0x2 scheduler.o
 .text          0x00000000        0x0 main.o
 .data          0x00000000        0x0 main.o
 .bss           0x00000000        0x0 main.o
 .text          0x00000000        0x0 usb_descriptors.o
 .data          0x00000000        0x0 usb_descriptors.o
 .bss           0x00000000        0x0 usb_descriptors.o
 .text          0x00000000        0x0 usb_device_task.o
 .data          0x00000000        0x0 usb_device_task.o
 .bss           0x00000000        0x0 usb_device_task.o
 .text          0x00000000        0x0 usb_drv.o
 .data          0x00000000        0x0 usb_drv.o
 .bss           0x00000000        0x0 usb_drv.o
 .text.usb_select_enpoint_interrupt
                0x00000000       0x1c usb_drv.o
 .text.usb_send_packet
                0x00000000       0x22 usb_drv.o
 .text.usb_read_packet
                0x00000000       0x22 usb_drv.o
 .text.usb_halt_endpoint
                0x00000000       0x10 usb_drv.o
 .text          0x00000000        0x0 usb_specific_request.o
 .data          0x00000000        0x0 usb_specific_request.o
 .bss           0x00000000        0x0 usb_specific_request.o
 .text          0x00000000        0x0 usb_standard_request.o
 .data          0x00000000        0x0 usb_standard_request.o
 .bss           0x00000000        0x0 usb_standard_request.o
 .text          0x00000000        0x0 usb_task.o
 .data          0x00000000        0x0 usb_task.o
 .bss           0x00000000        0x0 usb_task.o
 .text          0x00000000        0x0 wdt_drv.o
 .data          0x00000000        0x0 wdt_drv.o
 .bss           0x00000000        0x0 wdt_drv.o
 .text.wdtdrv_enable
                0x00000000       0x32 wdt_drv.o
 .text.wdtdrv_interrupt_enable
                0x00000000       0x32 wdt_drv.o
 .text.wdtdrv_interrupt_reset_enable
                0x00000000       0x34 wdt_drv.o
 .text          0x00000000        0x0 c:/program files (x86)/atmel/studio/7.0/toolchain/avr8/avr8-gnu-toolchain/bin/../lib/gcc/avr/4.9.2/avr35\libgcc.a(_exit.o)
 .data          0x00000000        0x0 c:/program files (x86)/atmel/studio/7.0/toolchain/avr8/avr8-gnu-toolchain/bin/../lib/gcc/avr/4.9.2/avr35\libgcc.a(_exit.o)
 .bss           0x00000000        0x0 c:/program files (x86)/atmel/studio/7.0/toolchain/avr8/avr8-gnu-toolchain/bin/../lib/gcc/avr/4.9.2/avr35\libgcc.a(_exit.o)
 .text.libgcc.mul
                0x00000000        0x0 c:/program files (x86)/atmel/studio/7.0/toolchain/avr8/avr8-gnu-toolchain/bin/../lib/gcc/avr/4.9.2/avr35\libgcc.a(_exit.o)
 .text.libgcc.div
                0x00000000        0x0 c:/program files (x86)/atmel/studio/7.0/toolchain/avr8/avr8-gnu-toolchain/bin/../lib/gcc/avr/4.9.2/avr35\libgcc.a(_exit.o)
 .text.libgcc   0x00000000        0x0 c:/program files (x86)/atmel/studio/7.0/toolchain/avr8/avr8-gnu-toolchain/bin/../lib/gcc/avr/4.9.2/avr35\libgcc.a(_exit.o)
 .text.libgcc.prologue
                0x00000000        0x0 c:/program files (x86)/atmel/studio/7.0/toolchain/avr8/avr8-gnu-toolchain/bin/../lib/gcc/avr/4.9.2/avr35\libgcc.a(_exit.o)
 .text.libgcc.builtins
                0x00000000        0x0 c:/program files (x86)/atmel/studio/7.0/toolchain/avr8/avr8-gnu-toolchain/bin/../lib/gcc/avr/4.9.2/avr35\libgcc.a(_exit.o)
 .text.libgcc.fmul
                0x00000000        0x0 c:/program files (x86)/atmel/studio/7.0/toolchain/avr8/avr8-gnu-toolchain/bin/../lib/gcc/avr/4.9.2/avr35\libgcc.a(_exit.o)
 .text.libgcc.fixed
                0x00000000        0x0 c:/program files (x86)/atmel/studio/7.0/toolchain/avr8/avr8-gnu-toolchain/bin/../lib/gcc/avr/4.9.2/avr35\libgcc.a(_exit.o)
 .text          0x00000000        0x0 c:/program files (x86)/atmel/studio/7.0/toolchain/avr8/avr8-gnu-toolchain/bin/../lib/gcc/avr/4.9.2/avr35\libgcc.a(_tablejump2.o)
 .data          0x00000000        0x0 c:/program files (x86)/atmel/studio/7.0/toolchain/avr8/avr8-gnu-toolchain/bin/../lib/gcc/avr/4.9.2/avr35\libgcc.a(_tablejump2.o)
 .bss           0x00000000        0x0 c:/program files (x86)/atmel/studio/7.0/toolchain/avr8/avr8-gnu-toolchain/bin/../lib/gcc/avr/4.9.2/avr35\libgcc.a(_tablejump2.o)
 .text.libgcc.mul
                0x00000000        0x0 c:/program files (x86)/atmel/studio/7.0/toolchain/avr8/avr8-gnu-toolchain/bin/../lib/gcc/avr/4.9.2/avr35\libgcc.a(_tablejump2.o)
 .text.libgcc.div
                0x00000000        0x0 c:/program files (x86)/atmel/studio/7.0/toolchain/avr8/avr8-gnu-toolchain/bin/../lib/gcc/avr/4.9.2/avr35\libgcc.a(_tablejump2.o)
 .text.libgcc.prologue
                0x00000000        0x0 c:/program files (x86)/atmel/studio/7.0/toolchain/avr8/avr8-gnu-toolchain/bin/../lib/gcc/avr/4.9.2/avr35\libgcc.a(_tablejump2.o)
 .text.libgcc.builtins
                0x00000000        0x0 c:/program files (x86)/atmel/studio/7.0/toolchain/avr8/avr8-gnu-toolchain/bin/../lib/gcc/avr/4.9.2/avr35\libgcc.a(_tablejump2.o)
 .text.libgcc.fmul
                0x00000000        0x0 c:/program files (x86)/atmel/studio/7.0/toolchain/avr8/avr8-gnu-toolchain/bin/../lib/gcc/avr/4.9.2/avr35\libgcc.a(_tablejump2.o)
 .text.libgcc.fixed
                0x00000000        0x0 c:/program files (x86)/atmel/studio/7.0/toolchain/avr8/avr8-gnu-toolchain/bin/../lib/gcc/avr/4.9.2/avr35\libgcc.a(_tablejump2.o)
 .text          0x00000000        0x0 c:/program files (x86)/atmel/studio/7.0/toolchain/avr8/avr8-gnu-toolchain/bin/../lib/gcc/avr/4.9.2/avr35\libgcc.a(_clear_bss.o)
 .data          0x00000000        0x0 c:/program files (x86)/atmel/studio/7.0/toolchain/avr8/avr8-gnu-toolchain/bin/../lib/gcc/avr/4.9.2/avr35\libgcc.a(_clear_bss.o)
 .bss           0x00000000        0x0 c:/program files (x86)/atmel/studio/7.0/toolchain/avr8/avr8-gnu-toolchain/bin/../lib/gcc/avr/4.9.2/avr35\libgcc.a(_clear_bss.o)
 .text.libgcc.mul
                0x00000000        0x0 c:/program files (x86)/atmel/studio/7.0/toolchain/avr8/avr8-gnu-toolchain/bin/../lib/gcc/avr/4.9.2/avr35\libgcc.a(_clear_bss.o)
 .text.libgcc.div
                0x00000000        0x0 c:/program files (x86)/atmel/studio/7.0/toolchain/avr8/avr8-gnu-toolchain/bin/../lib/gcc/avr/4.9.2/avr35\libgcc.a(_clear_bss.o)
 .text.libgcc   0x00000000        0x0 c:/program files (x86)/atmel/studio/7.0/toolchain/avr8/avr8-gnu-toolchain/bin/../lib/gcc/avr/4.9.2/avr35\libgcc.a(_clear_bss.o)
 .text.libgcc.prologue
                0x00000000        0x0 c:/program files (x86)/atmel/studio/7.0/toolchain/avr8/avr8-gnu-toolchain/bin/../lib/gcc/avr/4.9.2/avr35\libgcc.a(_clear_bss.o)
 .text.libgcc.builtins
                0x00000000        0x0 c:/program files (x86)/atmel/studio/7.0/toolchain/avr8/avr8-gnu-toolchain/bin/../lib/gcc/avr/4.9.2/avr35\libgcc.a(_clear_bss.o)
 .text.libgcc.fmul
                0x00000000        0x0 c:/program files (x86)/atmel/studio/7.0/toolchain/avr8/avr8-gnu-toolchain/bin/../lib/gcc/avr/4.9.2/avr35\libgcc.a(_clear_bss.o)
 .text.libgcc.fixed
                0x00000000        0x0 c:/program files (x86)/atmel/studio/7.0/toolchain/avr8/avr8-gnu-toolchain/bin/../lib/gcc/avr/4.9.2/avr35\libgcc.a(_clear_bss.o)

Memory Configuration

Name             Origin             Length             Attributes
text             0x00000000         0x00010000         xr
data             0x00800060         0x0000ffa0         rw !x
eeprom           0x00810000         0x00010000         rw !x
fuse             0x00820000         0x00000400         rw !x
lock             0x00830000         0x00000400         rw !x
signature        0x00840000         0x00000400         rw !x
user_signatures  0x00850000         0x00000400         rw !x
*default*        0x00000000         0xffffffff

Linker script and memory map

Address of section .data set to 0x800100
LOAD C:/Program Files (x86)/Atmel/Studio/7.0/Packs/atmel/ATmega_DFP/1.0.90/gcc/dev/atmega32u2/avr35/crtatmega32u2.o
LOAD keyboard_task.o
LOAD power_drv.o
LOAD scheduler.o
LOAD main.o
LOAD usb_descriptors.o
LOAD usb_device_task.o
LOAD usb_drv.o
LOAD usb_specific_request.o
LOAD usb_standard_request.o
LOAD usb_task.o
LOAD wdt_drv.o
START GROUP
END GROUP
START GROUP
LOAD c:/program files (x86)/atmel/studio/7.0/toolchain/avr8/avr8-gnu-toolchain/bin/../lib/gcc/avr/4.9.2/avr35\libgcc.a
LOAD c:/program files (x86)/atmel/studio/7.0/toolchain/avr8/avr8-gnu-toolchain/bin/../lib/gcc/avr/4.9.2/../../../../avr/lib/avr35\libm.a
LOAD c:/program files (x86)/atmel/studio/7.0/toolchain/avr8/avr8-gnu-toolchain/bin/../lib/gcc/avr/4.9.2/../../../../avr/lib/avr35\libc.a
LOAD C:/Program Files (x86)/Atmel/Studio/7.0/Packs/atmel/ATmega_DFP/1.0.90/gcc/dev/atmega32u2/avr35\libatmega32u2.a
END GROUP

.hash
 *(.hash)

.dynsym
 *(.dynsym)

.dynstr
 *(.dynstr)

.gnu.version
 *(.gnu.version)

.gnu.version_d
 *(.gnu.version_d)

.gnu.version_r
 *(.gnu.version_r)

.rel.init
 *(.rel.init)

.rela.init
 *(.rela.init)

.rel.text
 *(.rel.text)
 *(.rel.text.*)
 *(.rel.gnu.linkonce.t*)

.rela.text
 *(.rela.text)
 *(.rela.text.*)
 *(.rela.gnu.linkonce.t*)

.rel.fini
 *(.rel.fini)

.rela.fini
 *(.rela.fini)

.rel.rodata
 *(.rel.rodata)
 *(.rel.rodata.*)
 *(.rel.gnu.linkonce.r*)

.rela.rodata
 *(.rela.rodata)
 *(.rela.rodata.*)
 *(.rela.gnu.linkonce.r*)

.rel.data
 *(.rel.data)
 *(.rel.data.*)
 *(.rel.gnu.linkonce.d*)

.rela.data
 *(.rela.data)
 *(.rela.data.*)
 *(.rela.gnu.linkonce.d*)

.rel.ctors
 *(.rel.ctors)

.rela.ctors
 *(.rela.ctors)

.rel.dtors
 *(.rel.dtors)

.rela.dtors
 *(.rela.dtors)

.rel.got
 *(.rel.got)

.rela.got
 *(.rela.got)

.rel.bss
 *(.rel.bss)

.rela.bss
 *(.rela.bss)

.rel.plt
 *(.rel.plt)

.rela.plt
 *(.rela.plt)

.text           0x00000000      0xff8
 *(.vectors)
 .vectors       0x00000000       0x74 C:/Program Files (x86)/Atmel/Studio/7.0/Packs/atmel/ATmega_DFP/1.0.90/gcc/dev/atmega32u2/avr35/crtatmega32u2.o
                0x00000000                __vector_default
                0x00000000                __vectors
 *(.vectors)
 *(.progmem.gcc*)
 .progmem.gcc_sw_table.usb_process_request
                0x00000074       0x18 usb_standard_request.o
                0x0000008c                . = ALIGN (0x2)
                0x0000008c                __trampolines_start = .
 *(.trampolines)
 .trampolines   0x0000008c        0x0 linker stubs
 *(.trampolines*)
                0x0000008c                __trampolines_end = .
 *(.progmem*)
 .progmem.data.usb_shielddown
                0x0000008c        0x1 keyboard_task.o
                0x0000008c                usb_shielddown
 .progmem.data.usb_shieldup
                0x0000008d        0x1 keyboard_task.o
                0x0000008d                usb_shieldup
 .progmem.data.usb_shieldrear
                0x0000008e        0x1 keyboard_task.o
                0x0000008e                usb_shieldrear
 .progmem.data.usb_shieldfront
                0x0000008f        0x1 keyboard_task.o
                0x0000008f                usb_shieldfront
 .progmem.data.usb_shieldright
                0x00000090        0x1 keyboard_task.o
                0x00000090                usb_shieldright
 .progmem.data.usb_shieldleft
                0x00000091        0x1 keyboard_task.o
                0x00000091                usb_shieldleft
 .progmem.data.usb_enginesincrease
                0x00000092        0x1 keyboard_task.o
                0x00000092                usb_enginesincrease
 .progmem.data.usb_shieldsincrease
                0x00000093        0x1 keyboard_task.o
                0x00000093                usb_shieldsincrease
 .progmem.data.usb_weaponsincrease
                0x00000094        0x1 keyboard_task.o
                0x00000094                usb_weaponsincrease
 .progmem.data.usb_hid_report_descriptor_kbd
                0x00000095       0x3f usb_descriptors.o
                0x00000095                usb_hid_report_descriptor_kbd
 .progmem.data.usb_user_language_id
                0x000000d4        0x4 usb_descriptors.o
                0x000000d4                usb_user_language_id
 .progmem.data.usb_user_product_string_descriptor
                0x000000d8       0x2c usb_descriptors.o
                0x000000d8                usb_user_product_string_descriptor
 .progmem.data.usb_user_manufacturer_string_descriptor
                0x00000104        0xc usb_descriptors.o
                0x00000104                usb_user_manufacturer_string_descriptor
 .progmem.data.usb_conf_desc
                0x00000110       0x22 usb_descriptors.o
                0x00000110                usb_conf_desc
 .progmem.data.usb_dev_desc
                0x00000132       0x12 usb_descriptors.o
                0x00000132                usb_dev_desc
                0x00000144                . = ALIGN (0x2)
 *(.jumptables)
 *(.jumptables*)
 *(.lowtext)
 *(.lowtext*)
                0x00000144                __ctors_start = .
 *(.ctors)
                0x00000144                __ctors_end = .
                0x00000144                __dtors_start = .
 *(.dtors)
                0x00000144                __dtors_end = .
 SORT(*)(.ctors)
 SORT(*)(.dtors)
 *(.init0)
 .init0         0x00000144        0x0 C:/Program Files (x86)/Atmel/Studio/7.0/Packs/atmel/ATmega_DFP/1.0.90/gcc/dev/atmega32u2/avr35/crtatmega32u2.o
                0x00000144                __init
 *(.init0)
 *(.init1)
 *(.init1)
 *(.init2)
 .init2         0x00000144        0xc C:/Program Files (x86)/Atmel/Studio/7.0/Packs/atmel/ATmega_DFP/1.0.90/gcc/dev/atmega32u2/avr35/crtatmega32u2.o
 *(.init2)
 *(.init3)
 .init3         0x00000150       0x16 main.o
                0x00000150                __low_level_init
 *(.init3)
 *(.init4)
 .init4         0x00000166       0x10 c:/program files (x86)/atmel/studio/7.0/toolchain/avr8/avr8-gnu-toolchain/bin/../lib/gcc/avr/4.9.2/avr35\libgcc.a(_clear_bss.o)
                0x00000166                __do_clear_bss
 *(.init4)
 *(.init5)
 *(.init5)
 *(.init6)
 *(.init6)
 *(.init7)
 *(.init7)
 *(.init8)
 *(.init8)
 *(.init9)
 .init9         0x00000176        0x8 C:/Program Files (x86)/Atmel/Studio/7.0/Packs/atmel/ATmega_DFP/1.0.90/gcc/dev/atmega32u2/avr35/crtatmega32u2.o
 *(.init9)
 *(.text)
 .text          0x0000017e        0x4 C:/Program Files (x86)/Atmel/Studio/7.0/Packs/atmel/ATmega_DFP/1.0.90/gcc/dev/atmega32u2/avr35/crtatmega32u2.o
                0x0000017e                __vector_22
                0x0000017e                __vector_28
                0x0000017e                __vector_1
                0x0000017e                __vector_24
                0x0000017e                __vector_12
                0x0000017e                __bad_interrupt
                0x0000017e                __vector_6
                0x0000017e                __vector_3
                0x0000017e                __vector_23
                0x0000017e                __vector_25
                0x0000017e                __vector_13
                0x0000017e                __vector_17
                0x0000017e                __vector_19
                0x0000017e                __vector_7
                0x0000017e                __vector_27
                0x0000017e                __vector_5
                0x0000017e                __vector_4
                0x0000017e                __vector_2
                0x0000017e                __vector_21
                0x0000017e                __vector_15
                0x0000017e                __vector_8
                0x0000017e                __vector_26
                0x0000017e                __vector_14
                0x0000017e                __vector_10
                0x0000017e                __vector_16
                0x0000017e                __vector_18
                0x0000017e                __vector_20
                0x00000182                . = ALIGN (0x2)
 *(.text.*)
 .text.keyboard_task_init
                0x00000182       0x34 keyboard_task.o
                0x00000182                keyboard_task_init
 .text.kbd_test_hit
                0x000001b6      0x102 keyboard_task.o
                0x000001b6                kbd_test_hit
 .text.keyboard_task
                0x000002b8       0x82 keyboard_task.o
                0x000002b8                keyboard_task
 .text.suspend_action
                0x0000033a       0x24 keyboard_task.o
                0x0000033a                suspend_action
 .text.__vector_9
                0x0000035e       0x5e keyboard_task.o
                0x0000035e                __vector_9
 .text.sof_action
                0x000003bc        0xc keyboard_task.o
                0x000003bc                sof_action
 .text.set_power_down_mode
                0x000003c8        0xc power_drv.o
                0x000003c8                set_power_down_mode
 .text.scheduler_init
                0x000003d4        0x8 scheduler.o
                0x000003d4                scheduler_init
 .text.scheduler_tasks
                0x000003dc        0xa scheduler.o
                0x000003dc                scheduler_tasks
 .text.scheduler
                0x000003e6        0x8 scheduler.o
                0x000003e6                scheduler
 .text.startup.main
                0x000003ee       0x22 main.o
                0x000003ee                main
 .text.usb_device_task_init
                0x00000410       0x12 usb_device_task.o
                0x00000410                usb_device_task_init
 .text.usb_start_device
                0x00000422       0x50 usb_device_task.o
                0x00000422                usb_start_device
 .text.usb_device_task
                0x00000472       0x52 usb_device_task.o
                0x00000472                usb_device_task
 .text.usb_config_ep
                0x000004c4       0x2c usb_drv.o
                0x000004c4                usb_config_ep
 .text.usb_init_device
                0x000004f0       0x1c usb_drv.o
                0x000004f0                usb_init_device
 .text.usb_user_endpoint_init
                0x0000050c        0xe usb_specific_request.o
                0x0000050c                usb_user_endpoint_init
 .text.usb_user_interface_get
                0x0000051a        0x4 usb_specific_request.o
                0x0000051a                usb_user_interface_get
 .text.usb_user_interface_reset
                0x0000051e       0x2a usb_specific_request.o
                0x0000051e                usb_user_interface_reset
 .text.usb_user_get_descriptor
                0x00000548       0x40 usb_specific_request.o
                0x00000548                usb_user_get_descriptor
 .text.hid_get_report_descriptor
                0x00000588      0x104 usb_specific_request.o
                0x00000588                hid_get_report_descriptor
 .text.usb_hid_set_report_ouput
                0x0000068c       0x3c usb_specific_request.o
                0x0000068c                usb_hid_set_report_ouput
 .text.usb_hid_set_idle
                0x000006c8       0x40 usb_specific_request.o
                0x000006c8                usb_hid_set_idle
 .text.usb_hid_get_idle
                0x00000708       0x72 usb_specific_request.o
                0x00000708                usb_hid_get_idle
 .text.hid_get_hid_descriptor
                0x0000077a      0x104 usb_specific_request.o
                0x0000077a                hid_get_hid_descriptor
 .text.usb_user_read_request
                0x0000087e       0x58 usb_specific_request.o
                0x0000087e                usb_user_read_request
 .text.usb_process_request
                0x000008d6      0x454 usb_standard_request.o
                0x000008d6                usb_process_request
 .text.usb_generate_remote_wakeup
                0x00000d2a       0x36 usb_standard_request.o
                0x00000d2a                usb_generate_remote_wakeup
 .text.usb_task_init
                0x00000d60        0xe usb_task.o
                0x00000d60                usb_task_init
 .text.usb_task
                0x00000d6e        0x4 usb_task.o
                0x00000d6e                usb_task
 .text.usb_delay_ms
                0x00000d72       0x36 usb_task.o
                0x00000d72                usb_delay_ms
 .text.__vector_11
                0x00000da8      0x21a usb_task.o
                0x00000da8                __vector_11
 .text.wdtdrv_disable
                0x00000fc2       0x26 wdt_drv.o
                0x00000fc2                wdtdrv_disable
 .text.libgcc   0x00000fe8        0xc c:/program files (x86)/atmel/studio/7.0/toolchain/avr8/avr8-gnu-toolchain/bin/../lib/gcc/avr/4.9.2/avr35\libgcc.a(_tablejump2.o)
                0x00000fe8                __tablejump2__
                0x00000ff4                . = ALIGN (0x2)
 *(.fini9)
 .fini9         0x00000ff4        0x0 c:/program files (x86)/atmel/studio/7.0/toolchain/avr8/avr8-gnu-toolchain/bin/../lib/gcc/avr/4.9.2/avr35\libgcc.a(_exit.o)
                0x00000ff4                _exit
                0x00000ff4                exit
 *(.fini9)
 *(.fini8)
 *(.fini8)
 *(.fini7)
 *(.fini7)
 *(.fini6)
 *(.fini6)
 *(.fini5)
 *(.fini5)
 *(.fini4)
 *(.fini4)
 *(.fini3)
 *(.fini3)
 *(.fini2)
 *(.fini2)
 *(.fini1)
 *(.fini1)
 *(.fini0)
 .fini0         0x00000ff4        0x4 c:/program files (x86)/atmel/studio/7.0/toolchain/avr8/avr8-gnu-toolchain/bin/../lib/gcc/avr/4.9.2/avr35\libgcc.a(_exit.o)
 *(.fini0)
                0x00000ff8                _etext = .

.data           0x00800100        0x0 load address 0x00000ff8
                0x00800100                PROVIDE (__data_start, .)
 *(.data)
 *(.data*)
 *(.rodata)
 *(.rodata*)
 *(.gnu.linkonce.d*)
                0x00800100                . = ALIGN (0x2)
                0x00800100                _edata = .
                0x00800100                PROVIDE (__data_end, .)

.bss            0x00800100       0x1d
                0x00800100                PROVIDE (__bss_start, .)
 *(.bss)
 *(.bss*)
 .bss.usb_suspended
                0x00800100        0x1 usb_device_task.o
                0x00800100                usb_suspended
 .bss.usb_connected
                0x00800101        0x1 usb_device_task.o
                0x00800101                usb_connected
 .bss.g_u8_report_rate
                0x00800102        0x1 usb_specific_request.o
                0x00800102                g_u8_report_rate
 .bss.device_status
                0x00800103        0x1 usb_standard_request.o
                0x00800103                device_status
 .bss.remote_wakeup_feature
                0x00800104        0x1 usb_standard_request.o
                0x00800104                remote_wakeup_feature
 .bss.g_usb_event
                0x00800105        0x2 usb_task.o
                0x00800105                g_usb_event
 *(COMMON)
 COMMON         0x00800107        0x9 keyboard_task.o
                0x00800107                usb_key_pointer
                0x00800109                usb_data_to_send
                0x0080010b                cpt_sof
                0x0080010c                usb_key
                0x0080010d                usb_kbd_state
                0x0080010e                key_hit
                0x0080010f                transmit_no_key
 COMMON         0x00800110        0xb usb_standard_request.o
                0x00800110                endpoint_status
                0x00800117                usb_configuration_nb
                0x00800118                data_to_transfer
                0x00800119                pbuffer
 COMMON         0x0080011b        0x2 usb_task.o
                0x0080011b                delay_usb
                0x0080011d                PROVIDE (__bss_end, .)
                0x00000ff8                __data_load_start = LOADADDR (.data)
                0x00000ff8                __data_load_end = (__data_load_start + SIZEOF (.data))

.noinit         0x0080011d        0x0
                0x0080011d                PROVIDE (__noinit_start, .)
 *(.noinit*)
                0x0080011d                PROVIDE (__noinit_end, .)
                0x0080011d                _end = .
                0x0080011d                PROVIDE (__heap_start, .)

.eeprom         0x00810000        0x0
 *(.eeprom*)
                0x00810000                __eeprom_end = .

.fuse
 *(.fuse)
 *(.lfuse)
 *(.hfuse)
 *(.efuse)

.lock
 *(.lock*)

.signature
 *(.signature*)

.user_signatures
 *(.user_signatures*)

.stab
 *(.stab)

.stabstr
 *(.stabstr)

.stab.excl
 *(.stab.excl)

.stab.exclstr
 *(.stab.exclstr)

.stab.index
 *(.stab.index)

.stab.indexstr
 *(.stab.indexstr)

.comment        0x00000000       0x30
 *(.comment)
 .comment       0x00000000       0x30 keyboard_task.o
                                 0x31 (size before relaxing)
 .comment       0x00000030       0x31 power_drv.o
 .comment       0x00000030       0x31 scheduler.o
 .comment       0x00000030       0x31 main.o
 .comment       0x00000030       0x31 usb_descriptors.o
 .comment       0x00000030       0x31 usb_device_task.o
 .comment       0x00000030       0x31 usb_drv.o
 .comment       0x00000030       0x31 usb_specific_request.o
 .comment       0x00000030       0x31 usb_standard_request.o
 .comment       0x00000030       0x31 usb_task.o
 .comment       0x00000030       0x31 wdt_drv.o

.note.gnu.avr.deviceinfo
                0x00000000       0x40
 .note.gnu.avr.deviceinfo
                0x00000000       0x40 C:/Program Files (x86)/Atmel/Studio/7.0/Packs/atmel/ATmega_DFP/1.0.90/gcc/dev/atmega32u2/avr35/crtatmega32u2.o

.note.gnu.build-id
 *(.note.gnu.build-id)

.debug
 *(.debug)

.line
 *(.line)

.debug_srcinfo
 *(.debug_srcinfo)

.debug_sfnames
 *(.debug_sfnames)

.debug_aranges  0x00000000      0x298
 *(.debug_aranges)
 .debug_aranges
                0x00000000       0x50 keyboard_task.o
 .debug_aranges
                0x00000050       0x58 power_drv.o
 .debug_aranges
                0x000000a8       0x38 scheduler.o
 .debug_aranges
                0x000000e0       0x28 main.o
 .debug_aranges
                0x00000108       0x18 usb_descriptors.o
 .debug_aranges
                0x00000120       0x30 usb_device_task.o
 .debug_aranges
                0x00000150       0x48 usb_drv.o
 .debug_aranges
                0x00000198       0x68 usb_specific_request.o
 .debug_aranges
                0x00000200       0x28 usb_standard_request.o
 .debug_aranges
                0x00000228       0x38 usb_task.o
 .debug_aranges
                0x00000260       0x38 wdt_drv.o

.debug_pubnames
 *(.debug_pubnames)

.debug_info     0x00000000     0x2596
 *(.debug_info .gnu.linkonce.wi.*)
 .debug_info    0x00000000      0x361 keyboard_task.o
 .debug_info    0x00000361      0x140 power_drv.o
 .debug_info    0x000004a1      0x151 scheduler.o
 .debug_info    0x000005f2      0x1c4 main.o
 .debug_info    0x000007b6      0x54c usb_descriptors.o
 .debug_info    0x00000d02      0x17c usb_device_task.o
 .debug_info    0x00000e7e      0x225 usb_drv.o
 .debug_info    0x000010a3      0x7d8 usb_specific_request.o
 .debug_info    0x0000187b      0x963 usb_standard_request.o
 .debug_info    0x000021de      0x1d0 usb_task.o
 .debug_info    0x000023ae      0x1e8 wdt_drv.o

.debug_abbrev   0x00000000      0xc5d
 *(.debug_abbrev)
 .debug_abbrev  0x00000000      0x187 keyboard_task.o
 .debug_abbrev  0x00000187       0x51 power_drv.o
 .debug_abbrev  0x000001d8       0x91 scheduler.o
 .debug_abbrev  0x00000269       0xfa main.o
 .debug_abbrev  0x00000363       0xaf usb_descriptors.o
 .debug_abbrev  0x00000412       0xde usb_device_task.o
 .debug_abbrev  0x000004f0       0xe6 usb_drv.o
 .debug_abbrev  0x000005d6      0x1fc usb_specific_request.o
 .debug_abbrev  0x000007d2      0x274 usb_standard_request.o
 .debug_abbrev  0x00000a46      0x122 usb_task.o
 .debug_abbrev  0x00000b68       0xf5 wdt_drv.o

.debug_line     0x00000000     0x1438
 *(.debug_line .debug_line.* .debug_line_end)
 .debug_line    0x00000000      0x262 keyboard_task.o
 .debug_line    0x00000262      0x13b power_drv.o
 .debug_line    0x0000039d       0xa5 scheduler.o
 .debug_line    0x00000442      0x1dc main.o
 .debug_line    0x0000061e       0xc3 usb_descriptors.o
 .debug_line    0x000006e1      0x26f usb_device_task.o
 .debug_line    0x00000950      0x16f usb_drv.o
 .debug_line    0x00000abf      0x2cb usb_specific_request.o
 .debug_line    0x00000d8a      0x24f usb_standard_request.o
 .debug_line    0x00000fd9      0x27c usb_task.o
 .debug_line    0x00001255      0x1e3 wdt_drv.o

.debug_frame    0x00000000      0x4d4
 *(.debug_frame)
 .debug_frame   0x00000000       0xcc keyboard_task.o
 .debug_frame   0x000000cc       0x94 power_drv.o
 .debug_frame   0x00000160       0x54 scheduler.o
 .debug_frame   0x000001b4       0x34 main.o
 .debug_frame   0x000001e8       0x44 usb_device_task.o
 .debug_frame   0x0000022c       0x74 usb_drv.o
 .debug_frame   0x000002a0       0xf4 usb_specific_request.o
 .debug_frame   0x00000394       0x50 usb_standard_request.o
 .debug_frame   0x000003e4       0x9c usb_task.o
 .debug_frame   0x00000480       0x54 wdt_drv.o

.debug_str      0x00000000      0xe78
 *(.debug_str)
 .debug_str     0x00000000      0x31d keyboard_task.o
                                0x356 (size before relaxing)
 .debug_str     0x0000031d       0xb1 power_drv.o
                                0x21e (size before relaxing)
 .debug_str     0x000003ce       0x78 scheduler.o
                                0x1ea (size before relaxing)
 .debug_str     0x00000446       0xe5 main.o
                                0x251 (size before relaxing)
 .debug_str     0x0000052b      0x3f6 usb_descriptors.o
                                0x565 (size before relaxing)
 .debug_str     0x00000921       0xb3 usb_device_task.o
                                0x234 (size before relaxing)
 .debug_str     0x000009d4       0xc7 usb_drv.o
                                0x230 (size before relaxing)
 .debug_str     0x00000a9b      0x1ac usb_specific_request.o
                                0x665 (size before relaxing)
 .debug_str     0x00000c47      0x167 usb_standard_request.o
                                0x6ce (size before relaxing)
 .debug_str     0x00000dae       0x40 usb_task.o
                                0x219 (size before relaxing)
 .debug_str     0x00000dee       0x8a wdt_drv.o
                                0x1fb (size before relaxing)

.debug_loc      0x00000000      0xbe7
 *(.debug_loc)
 .debug_loc     0x00000000      0x103 keyboard_task.o
 .debug_loc     0x00000103      0x188 usb_drv.o
 .debug_loc     0x0000028b      0x543 usb_specific_request.o
 .debug_loc     0x000007ce      0x2ac usb_standard_request.o
 .debug_loc     0x00000a7a       0xe9 usb_task.o
 .debug_loc     0x00000b63       0x84 wdt_drv.o

.debug_macinfo
 *(.debug_macinfo)

.debug_weaknames
 *(.debug_weaknames)

.debug_funcnames
 *(.debug_funcnames)

.debug_typenames
 *(.debug_typenames)

.debug_varnames
 *(.debug_varnames)

.debug_pubtypes
 *(.debug_pubtypes)

.debug_ranges   0x00000000      0x1f8
 *(.debug_ranges)
 .debug_ranges  0x00000000       0x40 keyboard_task.o
 .debug_ranges  0x00000040       0x48 power_drv.o
 .debug_ranges  0x00000088       0x28 scheduler.o
 .debug_ranges  0x000000b0       0x18 main.o
 .debug_ranges  0x000000c8       0x20 usb_device_task.o
 .debug_ranges  0x000000e8       0x38 usb_drv.o
 .debug_ranges  0x00000120       0x58 usb_specific_request.o
 .debug_ranges  0x00000178       0x30 usb_standard_request.o
 .debug_ranges  0x000001a8       0x28 usb_task.o
 .debug_ranges  0x000001d0       0x28 wdt_drv.o

.debug_macro
 *(.debug_macro)
OUTPUT(USBKEY_STK525-series6-hidkbd.elf elf32-avr)
LOAD linker stubs
